{
  "version": "0.6.0-dev.10",
  "godot": "4.7.2.stable.official.ed1daf0bf",
  "nodeWindows": "24.21.0",
  "legacyCommit": "c7674df45b9595405e57907524e737e633b0ff63",
  "editionRules": {
    "countyPreparation": {
      "costCopper": 80,
      "limitPerSave": 5,
      "unlock": "camp",
      "shared": false
    }
  },
  "runtimeHash": "432f9fea6359c18a8d1e2655b09f97770718c3e676501c602c7897afd906a8b4",
  "artifacts": [
    {
      "file": "ThreeKingdoms-Godot-v0.6.0-dev.10-Windows-x64.zip",
      "bytes": 101238199,
      "sha256": "455dc3e190226ae621f77858d01a20e5224f11b030080da9bb2d6d3e62c57285"
    },
    {
      "file": "ThreeKingdoms-Godot-v0.6.0-dev.10-Web-preview.zip",
      "bytes": 73395725,
      "sha256": "58fe3d3398a80fd0115bfe258c932e600c9012a89964049bb116d271d01cbe3d"
    }
  ],
  "cityArt": {
    "metadataSha256": "384d6cdc8f22bde6cdb520c550ee3d1ee965c82d43c6e89d224fa58c41323df1",
    "spriteCount": 17,
    "sources": [
      {
        "path": "res://assets/environment/city/city_rts_core_v1.png",
        "bytes": 2692462,
        "sha256": "a31978895c9e09d2cf3a6f69c27d360141354a83e7fc83d4d84f83f650ee1249"
      },
      {
        "path": "res://assets/environment/city/city_rts_civic_v1.png",
        "bytes": 2837694,
        "sha256": "b8993f60daf08d71ea381d1373d6a29dfbce3e9c7add4249d89cfc59e607a800"
      },
      {
        "path": "res://assets/environment/city/city_rts_smith_v1.png",
        "bytes": 1733442,
        "sha256": "3b06bf24480b0eb1e6b133fadd2b724f2540b32288b5390efc9fe2bd000fc645"
      },
      {
        "path": "res://assets/environment/city/city_rts_workshop_v1.png",
        "bytes": 1737581,
        "sha256": "b5e483bcf99d5e6ec20400566975a47551a81df12df96742dfdb5d9e81d05a79"
      },
      {
        "path": "res://assets/environment/city/city_rts_beacon_v1.png",
        "bytes": 1311415,
        "sha256": "4c3482a1268584804af829e9f9ad805a93954137951e0e6009ec1891c19870f2"
      },
      {
        "path": "res://assets/environment/city/city_rts_wall_v1.png",
        "bytes": 1613944,
        "sha256": "97d84f1001efbb9aa4dd2457c91b6084ee707ca76aac29b3a46597d25906774e"
      },
      {
        "path": "res://assets/environment/city/city_rts_post_v1.png",
        "bytes": 1664775,
        "sha256": "bc9582d9a4667af4eeb3e7701ecac3bec828b855ac70ca596cd7392d1ef82e80"
      }
    ],
    "ground": {
      "path": "res://assets/environment/city/city_ground_rts_v1.png",
      "bytes": 4333111,
      "sha256": "c5c9689971a39e6cf414782f49b568912894a4d89e26065c697af9fadef6694a"
    }
  },
  "worldMapArt": {
    "metadataSha256": "c5bf74ed87802c02c5fcd55f9158c66ef081f3eec44f5100ad7898e5d87e53d7",
    "spriteCount": 6,
    "source": {
      "path": "res://assets/environment/world-map/world_map_relief_v1.png",
      "bytes": 2694355,
      "sha256": "17aab33d8a0af320086a0bf6fbe6f26947d90dcc205de0d04cb8a9125ea2db39"
    }
  }
}
