✔ bridge DTOs retain canonical costs and hide future task landmarks (2105.389375ms)
✔ empty-land choices quote each actual resource type and match committed fees and construction time (2614.830208ms)
✔ real building completes with canonical timers and survives process-style restart (1174.848833ms)
✔ simultaneous commands commit once with CAS and retry receipts survive restart (1291.168125ms)
✔ read projections never rewrite persisted revision, receipts or resource balances (604.991417ms)
✔ read then command then restart settles construction, income and hourly wages exactly once (1664.188209ms)
✔ real research and inventory DTOs quote native rules; random speedup retry never rolls twice (1651.930875ms)
✔ management unlock requirements reject transactions without changing save or revision (269.490583ms)
✔ real market quotes allow full-resource purchases, reject oversize, and replay one persisted settlement (1179.879667ms)
✔ market sale capacity and cash shortage remain authoritative rules (919.815042ms)
✔ governor and tax commands change canonical production, construction and morale; marching governors are rejected (2329.282042ms)
✔ inn inquiry is free; recruitment charges once, consumes a room and persists real hero statistics (1292.429417ms)
✔ inn rooms include both captive pools, and recruit quotes expose cash shortage only when space exists (974.910583ms)
✔ multi-city management uses the requested city treasury, tax and inn while rooms remain realm-wide (2178.163167ms)
✔ invalid imports leave save and revision intact; original browser export round trips (842.618708ms)
✔ authority identity persists across commands, import and restart; older bridge headers migrate once (901.727334ms)
✔ real training, mixed-army march duration and recall are governed by the original engine (1536.751292ms)
✔ canonical battle commands expose actual positions, events, orders and one settlement (2349.58775ms)
✔ arbitrary methods and snapshot injection cannot cross the command whitelist (397.963875ms)
✔ private token and origin boundaries protect save data and process shutdown (184.623875ms)
✔ directory lock prevents two authorities and corrupt existing files are preserved (79.664041ms)
✔ same-origin web assets are isolated from saves, ready metadata and symlink escapes (182.443292ms)
✔ desktop CLI emits a ready file with assigned port and authenticated shutdown removes it (650.06725ms)
ℹ tests 23
ℹ suites 0
ℹ pass 23
ℹ fail 0
ℹ cancelled 0
ℹ skipped 0
ℹ todo 0
ℹ duration_ms 28296.769208
