Godot Engine v4.7.2.stable.official.ed1daf0bf - https://godotengine.org

COMPILED_CHECK 1 Create isolated test journal directory before the first mutation => true
COMPILED_ISOLATED_USER_DIR=/Users/lihuazeng/Library/Application Support/ShanheceHistoricCompiled-94904-1410834/
COMPILED_CHECK 2 Compiled project version matches => true
COMPILED_CHECK 3 Export contains executable main => true
COMPILED_CHECK 4 Export contains compiled remap for main => true
COMPILED_CHECK 5 Export contains executable world_map => true
COMPILED_CHECK 6 Export contains compiled remap for world_map => true
COMPILED_CHECK 7 Export contains executable city_view => true
COMPILED_CHECK 8 Export contains compiled remap for city_view => true
COMPILED_CHECK 9 Export contains executable suburb_view => true
COMPILED_CHECK 10 Export contains compiled remap for suburb_view => true
COMPILED_CHECK 11 Export contains executable realm_dialog => true
COMPILED_CHECK 12 Export contains compiled remap for realm_dialog => true
COMPILED_CHECK 13 Export contains executable city_construction_panel => true
COMPILED_CHECK 14 Export contains compiled remap for city_construction_panel => true
COMPILED_CHECK 15 Export contains executable city_capacity_compare => true
COMPILED_CHECK 16 Export contains compiled remap for city_capacity_compare => true
COMPILED_CHECK 17 City class is registered => true
COMPILED_CHECK 18 Suburb class is registered => true
COMPILED_CHECK 19 Compiled client connects to extracted rule service => true
COMPILED_CHECK 20 Fresh packaged progress has no mutations => true
COMPILED_CHECK 21 Actual canonical world reaches compiled client => true
COMPILED_CHECK 22 Extracted service supplies four real empty-land quotations => true
COMPILED_CHECK 23 Compiled phone objective renders all expanded description and reward lines => true
COMPILED_CHECK 24 Compiled objective uses readable Chinese controls and actual reward text => true
COMPILED_CHECK 25 Compiled city permits touch-scroll propagation => true
COMPILED_CHECK 26 Compiled city loads real core atlas => true
COMPILED_CHECK 27 Compiled city caches all 17 artwork regions => true
COMPILED_CHECK 28 Exported imported atlas resolves and keeps source size => true
COMPILED_CHECK 29 Exported atlas preserves actual transparency => true
COMPILED_CHECK 30 Exported imported atlas resolves and keeps source size => true
COMPILED_CHECK 31 Exported atlas preserves actual transparency => true
COMPILED_CHECK 32 Exported imported atlas resolves and keeps source size => true
COMPILED_CHECK 33 Exported atlas preserves actual transparency => true
COMPILED_CHECK 34 Exported imported atlas resolves and keeps source size => true
COMPILED_CHECK 35 Exported atlas preserves actual transparency => true
COMPILED_CHECK 36 Exported imported atlas resolves and keeps source size => true
COMPILED_CHECK 37 Exported atlas preserves actual transparency => true
COMPILED_CHECK 38 Exported imported atlas resolves and keeps source size => true
COMPILED_CHECK 39 Exported atlas preserves actual transparency => true
COMPILED_CHECK 40 Exported imported atlas resolves and keeps source size => true
COMPILED_CHECK 41 Exported atlas preserves actual transparency => true
COMPILED_CHECK 42 Exported imported atlas resolves and keeps source size => true
COMPILED_CHECK 43 Exported atlas preserves actual transparency => true
COMPILED_CHECK 44 Exported imported atlas resolves and keeps source size => true
COMPILED_CHECK 45 Exported atlas preserves actual transparency => true
COMPILED_CHECK 46 Compiled city caches new growth and environment regions => true
COMPILED_CHECK 47 Compiled hall follows completed levels => true
COMPILED_CHECK 48 Extracted API provides canonical new-house capacity gain => true
COMPILED_CHECK 49 Compiled prepared fixture draws every canonical facility and gate => true
COMPILED_CHECK 50 Cached unused art does not create a noncanonical building => true
COMPILED_CHECK 51 Compiled sprite aspect ratio is preserved: house#0 => true
COMPILED_CHECK 52 Compiled sprite aspect ratio is preserved: academy#1 => true
COMPILED_CHECK 53 Compiled sprite aspect ratio is preserved: inn#2 => true
COMPILED_CHECK 54 Compiled sprite aspect ratio is preserved: market#3 => true
COMPILED_CHECK 55 Compiled sprite aspect ratio is preserved: warehouse#4 => true
COMPILED_CHECK 56 Compiled sprite aspect ratio is preserved: drill#5 => true
COMPILED_CHECK 57 Compiled sprite aspect ratio is preserved: barracks#6 => true
COMPILED_CHECK 58 Compiled sprite aspect ratio is preserved: tavern#7 => true
COMPILED_CHECK 59 Compiled sprite aspect ratio is preserved: embassy#8 => true
COMPILED_CHECK 60 Compiled sprite aspect ratio is preserved: smith#9 => true
COMPILED_CHECK 61 Compiled sprite aspect ratio is preserved: workshop#10 => true
COMPILED_CHECK 62 Compiled sprite aspect ratio is preserved: stable#11 => true
COMPILED_CHECK 63 Compiled sprite aspect ratio is preserved: post#12 => true
COMPILED_CHECK 64 Compiled sprite aspect ratio is preserved: beacon#13 => true
COMPILED_CHECK 65 Compiled sprite aspect ratio is preserved: hall#14 => true
COMPILED_CHECK 66 Compiled sprite aspect ratio is preserved: wall#16 => true
COMPILED_CHECK 67 Compiled sprite aspect ratio is preserved: gateway => true
COMPILED_CHECK 68 Actual original hall is rendered at canonical site14 => true
COMPILED_CHECK 69 Export draws no unbuilt ghost buildings => true
COMPILED_CHECK 70 Reserved government land is noninteractive => true
COMPILED_CHECK 71 Compiled empty click opens exact site => true
COMPILED_CHECK 72 Compiled suburb permits touch-scroll propagation => true
COMPILED_CHECK 73 Only actual unlocked ground is interactive => true
COMPILED_CHECK 74 Locked plot is absent from selection => true
COMPILED_CHECK 75 Compiled scene opens selected plot management => true
COMPILED_CHECK 76 Management starts focused with optional details folded => true
COMPILED_CHECK 77 Visual inspection consumes no resources => true
COMPILED_CHECK 78 Compiled map resolves six relief atlas sprites => true
COMPILED_CHECK 79 Compiled map preserves alpha for roof hit-testing => true
COMPILED_CHECK 80 Compiled map consumes actual server clock => true
COMPILED_CHECK 81 Compiled map toolbar exposes all five actual filters => true
COMPILED_CHECK 82 Compiled toolbar reaches renderer without a mutation => true
COMPILED_CHECK 83 Extracted bridge supplies truthful visible city hierarchy => true
COMPILED_CHECK 84 Real package service provides affordable canonical house quote => true
COMPILED_CHECK 85 Compiled catalog and preview reuse the same Window => true
COMPILED_CHECK 86 Compiled panel retains chosen current quote => true
COMPILED_CHECK 87 Final compiled construction Window fits the entire phone viewport => true
COMPILED_CHECK 88 Production confirm button is wired without a prior mutation => true
COMPILED_CONFIRM_STAGE connected=true revision=0 pending=true
COMPILED_CHECK 89 Compiled comparison does not count unfinished house capacity => true
COMPILED_CHECK 90 Actual exported confirmation creates a level-zero house at precisely the chosen final site => true
COMPILED_CHECK 91 Canonical service records one real construction timer => true
COMPILED_CHECK 92 Acknowledged exported UI shows the true foundation without completed building art => true
COMPILED_CHECK 93 One confirm produces one authoritative receipt and closes the preview => true
COMPILED_STRUCTURE_CHECKS=93
WARNING: 4 ObjectDB instances were leaked at exit (run with `--verbose` for details).
   at: cleanup (core/object/object.cpp:2536)
