Godot Engine v4.7.2.stable.official.ed1daf0bf - https://godotengine.org

[   0% ] [90m[1mfirst_scan_filesystem[22m | Started 项目初始化 (5 steps)[39m[0m
[   0% ] [90m[1mfirst_scan_filesystem[22m | 正在扫描文件结构……[39m[0m
[  16% ] [90m[1mfirst_scan_filesystem[22m | 正在加载全局类名……[39m[0m
[  33% ] [90m[1mfirst_scan_filesystem[22m | 正在校验 GDExtension……[39m[0m
[  50% ] [90m[1mfirst_scan_filesystem[22m | 正在创建自动加载脚本……[39m[0m
[  66% ] [90m[1mfirst_scan_filesystem[22m | 正在初始化插件……[39m[0m
[  83% ] [90m[1mfirst_scan_filesystem[22m | 正在启动文件扫描……[39m[0m
[92m[ DONE ][39m [1mfirst_scan_filesystem[22m
[0m
[   0% ] [90m[1msavepack[22m | Started 打包中 (102 steps)[39m[0m
[   4% ] [90m[1msavepack[22m | 正在保存文件：res://addons/dialogue_manager/compiler/compilation.gdc[39m[0m
[   5% ] [90m[1msavepack[22m | 正在保存文件：res://addons/dialogue_manager/compiler/compiled_line.gdc[39m[0m
[   6% ] [90m[1msavepack[22m | 正在保存文件：res://addons/dialogue_manager/compiler/compiler.gdc[39m[0m
[   6% ] [90m[1msavepack[22m | 正在保存文件：res://addons/dialogue_manager/compiler/compiler_regex.gdc[39m[0m
[   7% ] [90m[1msavepack[22m | 正在保存文件：res://addons/dialogue_manager/compiler/compiler_result.gdc[39m[0m
[   8% ] [90m[1msavepack[22m | 正在保存文件：res://addons/dialogue_manager/compiler/expression_parser.gdc[39m[0m
[   8% ] [90m[1msavepack[22m | 正在保存文件：res://addons/dialogue_manager/compiler/resolved_goto_data.gdc[39m[0m
[   9% ] [90m[1msavepack[22m | 正在保存文件：res://addons/dialogue_manager/compiler/resolved_line_data.gdc[39m[0m
[  10% ] [90m[1msavepack[22m | 正在保存文件：res://addons/dialogue_manager/compiler/resolved_tag_data.gdc[39m[0m
[  10% ] [90m[1msavepack[22m | 正在保存文件：res://addons/dialogue_manager/compiler/tree_line.gdc[39m[0m
[  30% ] [90m[1msavepack[22m | 正在保存文件：res://addons/dialogue_manager/example_balloon/example_balloon.gdc[39m[0m
[  30% ] [90m[1msavepack[22m | 正在保存文件：res://.godot/exported/133200997/export-57fc9b32a4ae3d4a3041b46baf4b8f92-example_balloon.scn[39m[0m
[  31% ] [90m[1msavepack[22m | 正在保存文件：res://.godot/exported/133200997/export-25872080cd204f02261b5746b425708f-small_example_balloon.scn[39m[0m
[  32% ] [90m[1msavepack[22m | 正在保存文件：res://addons/dialogue_manager/l10n/en.po[39m[0m
[  33% ] [90m[1msavepack[22m | 正在保存文件：res://addons/dialogue_manager/l10n/es.po[39m[0m
[  33% ] [90m[1msavepack[22m | 正在保存文件：res://addons/dialogue_manager/l10n/uk.po[39m[0m
[  33% ] [90m[1msavepack[22m | 正在保存文件：res://addons/dialogue_manager/l10n/zh.po[39m[0m
[  34% ] [90m[1msavepack[22m | 正在保存文件：res://addons/dialogue_manager/l10n/zh_TW.po[39m[0m
[  34% ] [90m[1msavepack[22m | 正在保存文件：res://addons/dialogue_manager/nodes/actionable/dialogue_actionable_2d.gdc[39m[0m
[  35% ] [90m[1msavepack[22m | 正在保存文件：res://.godot/imported/dialogue_actionable_2d.svg-fab4e58d6b3980b100fb8a5494b4d5cb.ctex[39m[0m
[  35% ] [90m[1msavepack[22m | 正在保存文件：res://addons/dialogue_manager/nodes/actionable/dialogue_actionable_2d.svg.import[39m[0m
[  36% ] [90m[1msavepack[22m | 正在保存文件：res://addons/dialogue_manager/nodes/actionable/dialogue_actionable_3d.gdc[39m[0m
[  36% ] [90m[1msavepack[22m | 正在保存文件：res://.godot/imported/dialogue_actionable_3d.svg-66fe4924d1964b29285ae978ab731ec3.ctex[39m[0m
[  36% ] [90m[1msavepack[22m | 正在保存文件：res://addons/dialogue_manager/nodes/actionable/dialogue_actionable_3d.svg.import[39m[0m
[  37% ] [90m[1msavepack[22m | 正在保存文件：res://addons/dialogue_manager/nodes/context/dialogue_state_context.gdc[39m[0m
[  38% ] [90m[1msavepack[22m | 正在保存文件：res://.godot/imported/dialogue_state_context.svg-767b17bec3f66ee3adfc460e2805a08f.ctex[39m[0m
[  38% ] [90m[1msavepack[22m | 正在保存文件：res://addons/dialogue_manager/nodes/context/dialogue_state_context.svg.import[39m[0m
[  39% ] [90m[1msavepack[22m | 正在保存文件：res://addons/dialogue_manager/nodes/dialogue_label/dialogue_label.gdc[39m[0m
[  40% ] [90m[1msavepack[22m | 正在保存文件：res://.godot/imported/dialogue_label.svg-d4dcce28fb3dfdb414d1a2c4579fb6a5.ctex[39m[0m
[  40% ] [90m[1msavepack[22m | 正在保存文件：res://addons/dialogue_manager/nodes/dialogue_label/dialogue_label.svg.import[39m[0m
[  40% ] [90m[1msavepack[22m | 正在保存文件：res://.godot/exported/133200997/export-f17cdb592963b4d3f609d8b86d4cd429-dialogue_label.scn[39m[0m
[  41% ] [90m[1msavepack[22m | 正在保存文件：res://addons/dialogue_manager/nodes/marker/dialogue_marker_2d.gdc[39m[0m
[  41% ] [90m[1msavepack[22m | 正在保存文件：res://.godot/imported/dialogue_marker_2d.svg-1eedb01d2a05819be5ce0e675c93eeab.ctex[39m[0m
[  41% ] [90m[1msavepack[22m | 正在保存文件：res://addons/dialogue_manager/nodes/marker/dialogue_marker_2d.svg.import[39m[0m
[  42% ] [90m[1msavepack[22m | 正在保存文件：res://addons/dialogue_manager/nodes/marker/dialogue_marker_3d.gdc[39m[0m
[  43% ] [90m[1msavepack[22m | 正在保存文件：res://.godot/imported/dialogue_marker_3d.svg-f68ab9ede59096854a7c6ee123dd8e4e.ctex[39m[0m
[  43% ] [90m[1msavepack[22m | 正在保存文件：res://addons/dialogue_manager/nodes/marker/dialogue_marker_3d.svg.import[39m[0m
[  43% ] [90m[1msavepack[22m | 正在保存文件：res://addons/dialogue_manager/nodes/responses_menu/dialogue_responses_menu.gdc[39m[0m
[  44% ] [90m[1msavepack[22m | 正在保存文件：res://.godot/imported/dialogue_responses_menu.svg-c2f1aeac68c19756dc5732e31dba2439.ctex[39m[0m
[  44% ] [90m[1msavepack[22m | 正在保存文件：res://addons/dialogue_manager/nodes/responses_menu/dialogue_responses_menu.svg.import[39m[0m
[  45% ] [90m[1msavepack[22m | 正在保存文件：res://addons/dialogue_manager/utilities/builtins.gdc[39m[0m
[  45% ] [90m[1msavepack[22m | 正在保存文件：res://addons/dialogue_manager/utilities/dialogue_cache.gdc[39m[0m
[  46% ] [90m[1msavepack[22m | 正在保存文件：res://addons/dialogue_manager/utilities/error.gdc[39m[0m
[  47% ] [90m[1msavepack[22m | 正在保存文件：res://addons/dialogue_manager/utilities/theme_values.gdc[39m[0m
[  47% ] [90m[1msavepack[22m | 正在保存文件：res://addons/dialogue_manager/utilities/translations.gdc[39m[0m
[  48% ] [90m[1msavepack[22m | 正在保存文件：res://addons/dialogue_manager/utilities/waiter.gdc[39m[0m
[  53% ] [90m[1msavepack[22m | 正在保存文件：res://addons/dialogue_manager/constants.gdc[39m[0m
[  54% ] [90m[1msavepack[22m | 正在保存文件：res://addons/dialogue_manager/debugger_plugin.gdc[39m[0m
[  54% ] [90m[1msavepack[22m | 正在保存文件：res://addons/dialogue_manager/dialogue_line.gdc[39m[0m
[  55% ] [90m[1msavepack[22m | 正在保存文件：res://addons/dialogue_manager/dialogue_manager.gdc[39m[0m
[  56% ] [90m[1msavepack[22m | 正在保存文件：res://addons/dialogue_manager/dialogue_processor.gdc[39m[0m
[  56% ] [90m[1msavepack[22m | 正在保存文件：res://addons/dialogue_manager/dialogue_resource.gdc[39m[0m
[  57% ] [90m[1msavepack[22m | 正在保存文件：res://addons/dialogue_manager/dialogue_response.gdc[39m[0m
[  58% ] [90m[1msavepack[22m | 正在保存文件：res://addons/dialogue_manager/editor_translation_parser_plugin.gdc[39m[0m
[  58% ] [90m[1msavepack[22m | 正在保存文件：res://addons/dialogue_manager/export_plugin.gdc[39m[0m
[  59% ] [90m[1msavepack[22m | 正在保存文件：res://addons/dialogue_manager/import_plugin.gdc[39m[0m
[  60% ] [90m[1msavepack[22m | 正在保存文件：res://addons/dialogue_manager/inspector_plugin.gdc[39m[0m
[  60% ] [90m[1msavepack[22m | 正在保存文件：res://addons/dialogue_manager/plugin.gdc[39m[0m
[  61% ] [90m[1msavepack[22m | 正在保存文件：res://addons/dialogue_manager/settings.gdc[39m[0m
[  61% ] [90m[1msavepack[22m | 正在保存文件：res://addons/dialogue_manager/test_scene.gdc[39m[0m
[  62% ] [90m[1msavepack[22m | 正在保存文件：res://.godot/exported/133200997/export-74a175fe1e216df3bdf79c5c27a2ac2c-test_scene.scn[39m[0m
[  63% ] [90m[1msavepack[22m | 正在保存文件：res://addons/maaacks_menu/paginated_tab_container.gdc[39m[0m
[  63% ] [90m[1msavepack[22m | 正在保存文件：res://addons/sound_manager/abstract_audio_player_pool.gdc[39m[0m
[  64% ] [90m[1msavepack[22m | 正在保存文件：res://addons/sound_manager/ambient_sounds.gdc[39m[0m
[  65% ] [90m[1msavepack[22m | 正在保存文件：res://addons/sound_manager/music.gdc[39m[0m
[  65% ] [90m[1msavepack[22m | 正在保存文件：res://addons/sound_manager/plugin.gdc[39m[0m
[  66% ] [90m[1msavepack[22m | 正在保存文件：res://addons/sound_manager/sound_effects.gdc[39m[0m
[  66% ] [90m[1msavepack[22m | 正在保存文件：res://addons/sound_manager/sound_manager.gdc[39m[0m
[  66% ] [90m[1msavepack[22m | 正在保存文件：res://src/game_api.gdc[39m[0m
[  67% ] [90m[1msavepack[22m | 正在保存文件：res://src/presentation_menu.gdc[39m[0m
[  68% ] [90m[1msavepack[22m | 正在保存文件：res://src/input_settings_dialog.gdc[39m[0m
[  68% ] [90m[1msavepack[22m | 正在保存文件：res://.godot/imported/city_ground_rts_v2.png-38959a24e5c5e09d116b9a87b66e701a.ctex[39m[0m
[  68% ] [90m[1msavepack[22m | 正在保存文件：res://assets/environment/city/city_ground_rts_v2.png.import[39m[0m
[  69% ] [90m[1msavepack[22m | 正在保存文件：res://.godot/imported/city_rts_beacon_v1.png-8cc9d3342860f80251b7ae26ccf9ec29.ctex[39m[0m
[  69% ] [90m[1msavepack[22m | 正在保存文件：res://assets/environment/city/city_rts_beacon_v1.png.import[39m[0m
[  69% ] [90m[1msavepack[22m | 正在保存文件：res://.godot/imported/city_rts_civic_v1.png-41b31ebfbbca761bbd1e6b7190254c92.ctex[39m[0m
[  69% ] [90m[1msavepack[22m | 正在保存文件：res://assets/environment/city/city_rts_civic_v1.png.import[39m[0m
[  70% ] [90m[1msavepack[22m | 正在保存文件：res://.godot/imported/city_rts_core_v1.png-a2f4cb4ec0089eb580eed367fe4c58be.ctex[39m[0m
[  70% ] [90m[1msavepack[22m | 正在保存文件：res://assets/environment/city/city_rts_core_v1.png.import[39m[0m
[  71% ] [90m[1msavepack[22m | 正在保存文件：res://.godot/imported/city_rts_environment_v1.png-f14ad4e22a53a6b9e1007dc1c30519ff.ctex[39m[0m
[  71% ] [90m[1msavepack[22m | 正在保存文件：res://assets/environment/city/city_rts_environment_v1.png.import[39m[0m
[  71% ] [90m[1msavepack[22m | 正在保存文件：res://.godot/imported/city_rts_post_v1.png-b51c4a025da87361926a3790de67d1f9.ctex[39m[0m
[  71% ] [90m[1msavepack[22m | 正在保存文件：res://assets/environment/city/city_rts_post_v1.png.import[39m[0m
[  72% ] [90m[1msavepack[22m | 正在保存文件：res://.godot/imported/city_rts_progression_v1.png-320b5c5e50f521698e13977e241c8361.ctex[39m[0m
[  72% ] [90m[1msavepack[22m | 正在保存文件：res://assets/environment/city/city_rts_progression_v1.png.import[39m[0m
[  73% ] [90m[1msavepack[22m | 正在保存文件：res://.godot/imported/city_rts_smith_v1.png-b07d161ebfda83affe83097dc1c2ff62.ctex[39m[0m
[  73% ] [90m[1msavepack[22m | 正在保存文件：res://assets/environment/city/city_rts_smith_v1.png.import[39m[0m
[  73% ] [90m[1msavepack[22m | 正在保存文件：res://.godot/imported/city_rts_wall_v1.png-85f643476d52af551508128b67d84eec.ctex[39m[0m
[  73% ] [90m[1msavepack[22m | 正在保存文件：res://assets/environment/city/city_rts_wall_v1.png.import[39m[0m
[  74% ] [90m[1msavepack[22m | 正在保存文件：res://.godot/imported/city_rts_workshop_v1.png-5ab11140f8808b80ee50d1b4727621eb.ctex[39m[0m
[  74% ] [90m[1msavepack[22m | 正在保存文件：res://assets/environment/city/city_rts_workshop_v1.png.import[39m[0m
[  75% ] [90m[1msavepack[22m | 正在保存文件：res://assets/environment/city/RTS_GENERATION_PROMPTS.json[39m[0m
[  75% ] [90m[1msavepack[22m | 正在保存文件：res://assets/environment/city/RTS_POLISH_GENERATION_PROMPTS.json[39m[0m
[  76% ] [90m[1msavepack[22m | 正在保存文件：res://.godot/imported/world_map_relief_v1.png-0ee35a0738ff3056597f3cc03263b704.ctex[39m[0m
[  76% ] [90m[1msavepack[22m | 正在保存文件：res://assets/environment/world-map/world_map_relief_v1.png.import[39m[0m
[  77% ] [90m[1msavepack[22m | 正在保存文件：res://.godot/imported/NotoSansSC.ttf-53e7d2951cb723449d16fcecb813db38.fontdata[39m[0m
[  77% ] [90m[1msavepack[22m | 正在保存文件：res://assets/fonts/NotoSansSC.ttf.import[39m[0m
[  77% ] [90m[1msavepack[22m | 正在保存文件：res://.godot/exported/133200997/export-43564a7e36b9eddae6cf98eeb83d5e25-UI.res[39m[0m
[  78% ] [90m[1msavepack[22m | 正在保存文件：res://.godot/imported/intro.dialogue-4068491fcaed5486bb80f51d226de4d4.tres[39m[0m
[  78% ] [90m[1msavepack[22m | 正在保存文件：res://data/dialogue/intro.dialogue.import[39m[0m
[  79% ] [90m[1msavepack[22m | 正在保存文件：res://src/lobby_dialog.gdc[39m[0m
[  79% ] [90m[1msavepack[22m | 正在保存文件：res://data/city-rts-art-atlas.json[39m[0m
[  80% ] [90m[1msavepack[22m | 正在保存文件：res://data/map_regions.json[39m[0m
[  80% ] [90m[1msavepack[22m | 正在保存文件：res://data/world-map-art-atlas.json[39m[0m
[  81% ] [90m[1msavepack[22m | 正在保存文件：res://src/lobby_api.gdc[39m[0m
[  82% ] [90m[1msavepack[22m | 正在保存文件：res://src/management_dialog.gdc[39m[0m
[  82% ] [90m[1msavepack[22m | 正在保存文件：res://.godot/exported/133200997/export-3ad5c15c4f3250da0cc7c1af1770d85f-main.scn[39m[0m
[  83% ] [90m[1msavepack[22m | 正在保存文件：res://src/progression_dialog.gdc[39m[0m
[  84% ] [90m[1msavepack[22m | 正在保存文件：res://src/presentation_dialogue.gdc[39m[0m
[  84% ] [90m[1msavepack[22m | 正在保存文件：res://src/pvp_dialog.gdc[39m[0m
[  85% ] [90m[1msavepack[22m | 正在保存文件：res://src/army_activity_bar.gdc[39m[0m
[  86% ] [90m[1msavepack[22m | 正在保存文件：res://src/scouting_dialog.gdc[39m[0m
[  86% ] [90m[1msavepack[22m | 正在保存文件：res://src/ui_feedback.gdc[39m[0m
[  87% ] [90m[1msavepack[22m | 正在保存文件：res://src/battle_view.gdc[39m[0m
[  88% ] [90m[1msavepack[22m | 正在保存文件：res://src/city_view.gdc[39m[0m
[  88% ] [90m[1msavepack[22m | 正在保存文件：res://src/report_economy_view.gdc[39m[0m
[  89% ] [90m[1msavepack[22m | 正在保存文件：res://src/city_capacity_compare.gdc[39m[0m
[  89% ] [90m[1msavepack[22m | 正在保存文件：res://src/ui_theme.gdc[39m[0m
[  90% ] [90m[1msavepack[22m | 正在保存文件：res://src/dispatch_dialog.gdc[39m[0m
[  91% ] [90m[1msavepack[22m | 正在保存文件：res://src/realm_dialog.gdc[39m[0m
[  91% ] [90m[1msavepack[22m | 正在保存文件：res://src/hero_dialog.gdc[39m[0m
[  92% ] [90m[1msavepack[22m | 正在保存文件：res://src/main.gdc[39m[0m
[  93% ] [90m[1msavepack[22m | 正在保存文件：res://src/suburb_view.gdc[39m[0m
[  93% ] [90m[1msavepack[22m | 正在保存文件：res://src/inventory_dialog.gdc[39m[0m
[  94% ] [90m[1msavepack[22m | 正在保存文件：res://src/war_management_dialog.gdc[39m[0m
[  95% ] [90m[1msavepack[22m | 正在保存文件：res://src/presentation_audio.gdc[39m[0m
[  95% ] [90m[1msavepack[22m | 正在保存文件：res://src/world_map.gdc[39m[0m
[  96% ] [90m[1msavepack[22m | 正在保存文件：res://src/growth_route_view.gdc[39m[0m
[  97% ] [90m[1msavepack[22m | 正在保存文件：res://src/input_settings.gdc[39m[0m
[  97% ] [90m[1msavepack[22m | 正在保存文件：res://src/city_construction_panel.gdc[39m[0m
[  98% ] [90m[1msavepack[22m | 正在保存文件：res://src/intel_panel.gdc[39m[0m
[  98% ] [90m[1msavepack[22m | 正在保存文件：res://addons/dialogue_manager/compiler/compilation.gd.remap[39m[0m
[  98% ] [90m[1msavepack[22m | 正在保存文件：res://addons/dialogue_manager/compiler/compiled_line.gd.remap[39m[0m
[  98% ] [90m[1msavepack[22m | 正在保存文件：res://addons/dialogue_manager/compiler/compiler.gd.remap[39m[0m
[  98% ] [90m[1msavepack[22m | 正在保存文件：res://addons/dialogue_manager/compiler/compiler_regex.gd.remap[39m[0m
[  98% ] [90m[1msavepack[22m | 正在保存文件：res://addons/dialogue_manager/compiler/compiler_result.gd.remap[39m[0m
[  98% ] [90m[1msavepack[22m | 正在保存文件：res://addons/dialogue_manager/compiler/expression_parser.gd.remap[39m[0m
[  98% ] [90m[1msavepack[22m | 正在保存文件：res://addons/dialogue_manager/compiler/resolved_goto_data.gd.remap[39m[0m
[  98% ] [90m[1msavepack[22m | 正在保存文件：res://addons/dialogue_manager/compiler/resolved_line_data.gd.remap[39m[0m
[  98% ] [90m[1msavepack[22m | 正在保存文件：res://addons/dialogue_manager/compiler/resolved_tag_data.gd.remap[39m[0m
[  98% ] [90m[1msavepack[22m | 正在保存文件：res://addons/dialogue_manager/compiler/tree_line.gd.remap[39m[0m
[  98% ] [90m[1msavepack[22m | 正在保存文件：res://addons/dialogue_manager/example_balloon/example_balloon.gd.remap[39m[0m
[  98% ] [90m[1msavepack[22m | 正在保存文件：res://addons/dialogue_manager/example_balloon/example_balloon.tscn.remap[39m[0m
[  98% ] [90m[1msavepack[22m | 正在保存文件：res://addons/dialogue_manager/example_balloon/small_example_balloon.tscn.remap[39m[0m
[  98% ] [90m[1msavepack[22m | 正在保存文件：res://addons/dialogue_manager/nodes/actionable/dialogue_actionable_2d.gd.remap[39m[0m
[  98% ] [90m[1msavepack[22m | 正在保存文件：res://addons/dialogue_manager/nodes/actionable/dialogue_actionable_3d.gd.remap[39m[0m
[  98% ] [90m[1msavepack[22m | 正在保存文件：res://addons/dialogue_manager/nodes/context/dialogue_state_context.gd.remap[39m[0m
[  98% ] [90m[1msavepack[22m | 正在保存文件：res://addons/dialogue_manager/nodes/dialogue_label/dialogue_label.gd.remap[39m[0m
[  98% ] [90m[1msavepack[22m | 正在保存文件：res://addons/dialogue_manager/nodes/dialogue_label/dialogue_label.tscn.remap[39m[0m
[  98% ] [90m[1msavepack[22m | 正在保存文件：res://addons/dialogue_manager/nodes/marker/dialogue_marker_2d.gd.remap[39m[0m
[  98% ] [90m[1msavepack[22m | 正在保存文件：res://addons/dialogue_manager/nodes/marker/dialogue_marker_3d.gd.remap[39m[0m
[  98% ] [90m[1msavepack[22m | 正在保存文件：res://addons/dialogue_manager/nodes/responses_menu/dialogue_responses_menu.gd.remap[39m[0m
[  98% ] [90m[1msavepack[22m | 正在保存文件：res://addons/dialogue_manager/utilities/builtins.gd.remap[39m[0m
[  98% ] [90m[1msavepack[22m | 正在保存文件：res://addons/dialogue_manager/utilities/dialogue_cache.gd.remap[39m[0m
[  98% ] [90m[1msavepack[22m | 正在保存文件：res://addons/dialogue_manager/utilities/error.gd.remap[39m[0m
[  98% ] [90m[1msavepack[22m | 正在保存文件：res://addons/dialogue_manager/utilities/theme_values.gd.remap[39m[0m
[  98% ] [90m[1msavepack[22m | 正在保存文件：res://addons/dialogue_manager/utilities/translations.gd.remap[39m[0m
[  98% ] [90m[1msavepack[22m | 正在保存文件：res://addons/dialogue_manager/utilities/waiter.gd.remap[39m[0m
[  98% ] [90m[1msavepack[22m | 正在保存文件：res://addons/dialogue_manager/constants.gd.remap[39m[0m
[  98% ] [90m[1msavepack[22m | 正在保存文件：res://addons/dialogue_manager/debugger_plugin.gd.remap[39m[0m
[  98% ] [90m[1msavepack[22m | 正在保存文件：res://addons/dialogue_manager/dialogue_line.gd.remap[39m[0m
[  98% ] [90m[1msavepack[22m | 正在保存文件：res://addons/dialogue_manager/dialogue_manager.gd.remap[39m[0m
[  98% ] [90m[1msavepack[22m | 正在保存文件：res://addons/dialogue_manager/dialogue_processor.gd.remap[39m[0m
[  98% ] [90m[1msavepack[22m | 正在保存文件：res://addons/dialogue_manager/dialogue_resource.gd.remap[39m[0m
[  98% ] [90m[1msavepack[22m | 正在保存文件：res://addons/dialogue_manager/dialogue_response.gd.remap[39m[0m
[  98% ] [90m[1msavepack[22m | 正在保存文件：res://addons/dialogue_manager/editor_translation_parser_plugin.gd.remap[39m[0m
[  98% ] [90m[1msavepack[22m | 正在保存文件：res://addons/dialogue_manager/export_plugin.gd.remap[39m[0m
[  98% ] [90m[1msavepack[22m | 正在保存文件：res://addons/dialogue_manager/import_plugin.gd.remap[39m[0m
[  98% ] [90m[1msavepack[22m | 正在保存文件：res://addons/dialogue_manager/inspector_plugin.gd.remap[39m[0m
[  98% ] [90m[1msavepack[22m | 正在保存文件：res://addons/dialogue_manager/plugin.gd.remap[39m[0m
[  98% ] [90m[1msavepack[22m | 正在保存文件：res://addons/dialogue_manager/settings.gd.remap[39m[0m
[  98% ] [90m[1msavepack[22m | 正在保存文件：res://addons/dialogue_manager/test_scene.gd.remap[39m[0m
[  98% ] [90m[1msavepack[22m | 正在保存文件：res://addons/dialogue_manager/test_scene.tscn.remap[39m[0m
[  98% ] [90m[1msavepack[22m | 正在保存文件：res://addons/maaacks_menu/paginated_tab_container.gd.remap[39m[0m
[  98% ] [90m[1msavepack[22m | 正在保存文件：res://addons/sound_manager/abstract_audio_player_pool.gd.remap[39m[0m
[  98% ] [90m[1msavepack[22m | 正在保存文件：res://addons/sound_manager/ambient_sounds.gd.remap[39m[0m
[  98% ] [90m[1msavepack[22m | 正在保存文件：res://addons/sound_manager/music.gd.remap[39m[0m
[  98% ] [90m[1msavepack[22m | 正在保存文件：res://addons/sound_manager/plugin.gd.remap[39m[0m
[  98% ] [90m[1msavepack[22m | 正在保存文件：res://addons/sound_manager/sound_effects.gd.remap[39m[0m
[  98% ] [90m[1msavepack[22m | 正在保存文件：res://addons/sound_manager/sound_manager.gd.remap[39m[0m
[  98% ] [90m[1msavepack[22m | 正在保存文件：res://src/game_api.gd.remap[39m[0m
[  98% ] [90m[1msavepack[22m | 正在保存文件：res://src/presentation_menu.gd.remap[39m[0m
[  98% ] [90m[1msavepack[22m | 正在保存文件：res://src/input_settings_dialog.gd.remap[39m[0m
[  98% ] [90m[1msavepack[22m | 正在保存文件：res://assets/fonts/UI.tres.remap[39m[0m
[  98% ] [90m[1msavepack[22m | 正在保存文件：res://src/lobby_dialog.gd.remap[39m[0m
[  98% ] [90m[1msavepack[22m | 正在保存文件：res://src/lobby_api.gd.remap[39m[0m
[  98% ] [90m[1msavepack[22m | 正在保存文件：res://src/management_dialog.gd.remap[39m[0m
[  98% ] [90m[1msavepack[22m | 正在保存文件：res://scenes/main.tscn.remap[39m[0m
[  98% ] [90m[1msavepack[22m | 正在保存文件：res://src/progression_dialog.gd.remap[39m[0m
[  98% ] [90m[1msavepack[22m | 正在保存文件：res://src/presentation_dialogue.gd.remap[39m[0m
[  98% ] [90m[1msavepack[22m | 正在保存文件：res://src/pvp_dialog.gd.remap[39m[0m
[  98% ] [90m[1msavepack[22m | 正在保存文件：res://src/army_activity_bar.gd.remap[39m[0m
[  98% ] [90m[1msavepack[22m | 正在保存文件：res://src/scouting_dialog.gd.remap[39m[0m
[  98% ] [90m[1msavepack[22m | 正在保存文件：res://src/ui_feedback.gd.remap[39m[0m
[  98% ] [90m[1msavepack[22m | 正在保存文件：res://src/battle_view.gd.remap[39m[0m
[  98% ] [90m[1msavepack[22m | 正在保存文件：res://src/city_view.gd.remap[39m[0m
[  98% ] [90m[1msavepack[22m | 正在保存文件：res://src/report_economy_view.gd.remap[39m[0m
[  98% ] [90m[1msavepack[22m | 正在保存文件：res://src/city_capacity_compare.gd.remap[39m[0m
[  98% ] [90m[1msavepack[22m | 正在保存文件：res://src/ui_theme.gd.remap[39m[0m
[  98% ] [90m[1msavepack[22m | 正在保存文件：res://src/dispatch_dialog.gd.remap[39m[0m
[  98% ] [90m[1msavepack[22m | 正在保存文件：res://src/realm_dialog.gd.remap[39m[0m
[  98% ] [90m[1msavepack[22m | 正在保存文件：res://src/hero_dialog.gd.remap[39m[0m
[  98% ] [90m[1msavepack[22m | 正在保存文件：res://src/main.gd.remap[39m[0m
[  98% ] [90m[1msavepack[22m | 正在保存文件：res://src/suburb_view.gd.remap[39m[0m
[  98% ] [90m[1msavepack[22m | 正在保存文件：res://src/inventory_dialog.gd.remap[39m[0m
[  98% ] [90m[1msavepack[22m | 正在保存文件：res://src/war_management_dialog.gd.remap[39m[0m
[  98% ] [90m[1msavepack[22m | 正在保存文件：res://src/presentation_audio.gd.remap[39m[0m
[  98% ] [90m[1msavepack[22m | 正在保存文件：res://src/world_map.gd.remap[39m[0m
[  98% ] [90m[1msavepack[22m | 正在保存文件：res://src/growth_route_view.gd.remap[39m[0m
[  98% ] [90m[1msavepack[22m | 正在保存文件：res://src/input_settings.gd.remap[39m[0m
[  98% ] [90m[1msavepack[22m | 正在保存文件：res://src/city_construction_panel.gd.remap[39m[0m
[  98% ] [90m[1msavepack[22m | 正在保存文件：res://src/intel_panel.gd.remap[39m[0m
[  98% ] [90m[1msavepack[22m | 正在保存文件：res://.godot/global_script_class_cache.cfg[39m[0m
[  98% ] [90m[1msavepack[22m | 正在保存文件：res://.godot/uid_cache.bin[39m[0m
[  98% ] [90m[1msavepack[22m | 正在保存文件：res://project.binary[39m[0m
[92m[ DONE ][39m [1msavepack[22m
[0m
